INFO:wctl2:docker compose exec weppcloud bash -lc cd /workdir/wepppy && PYTHONPATH=/workdir/wepppy MYPY_CACHE_DIR=/tmp/mypy_cache /opt/venv/bin/pytest /workdir/wepppyo3/docs/work-packages/20260908-hillslope-watbal-native-001/artifacts/test_receipt_baseline.py -s --maxfail=1
============================= test session starts ==============================
platform linux -- Python 3.12.14, pytest-9.0.3, pluggy-1.6.0
rootdir: /workdir
plugins: reportlog-0.4.0, timeout-2.4.0, cov-7.0.0, libtmux-0.47.0, dash-4.2.0, anyio-4.14.2
collected 1 item

../wepppyo3/docs/work-packages/20260908-hillslope-watbal-native-001/artifacts/test_receipt_baseline.py CONFIRMED same-size stale receipt: stale NoDb write rejected for /tmp/pytest-of-unknown/pytest-2/test_receipt_stale_write0/dummy.nodb: expected (mtime=1788855422.3547018, size=319), observed (mtime=1788855422.3787024, size=319)
.

=============================== warnings summary ===============================
../../opt/venv/lib/python3.12/site-packages/pytz/tzinfo.py:27
  /opt/venv/lib/python3.12/site-packages/pytz/tzinfo.py:27: DeprecationWarning: datetime.datetime.utcfromtimestamp() is deprecated and scheduled for removal in a future version. Use timezone-aware objects to represent datetimes in UTC: datetime.datetime.fromtimestamp(timestamp, datetime.UTC).
    _epoch = datetime.utcfromtimestamp(0)

../../opt/venv/lib/python3.12/site-packages/pyparsing.py:108
  /opt/venv/lib/python3.12/site-packages/pyparsing.py:108: DeprecationWarning: module 'sre_constants' is deprecated
    import sre_constants

tests/nodb/test_base_boundary_characterization.py:17
  /workdir/wepppy/tests/nodb/test_base_boundary_characterization.py:17: PytestUnknownMarkWarning: Unknown pytest.mark.unit - is this a typo?  You can register custom marks to avoid this warning - for details, see https://docs.pytest.org/en/stable/how-to/mark.html
    pytestmark = pytest.mark.unit

tests/nodb/test_base_boundary_characterization.py:1112
  /workdir/wepppy/tests/nodb/test_base_boundary_characterization.py:1112: PytestUnknownMarkWarning: Unknown pytest.mark.integration - is this a typo?  You can register custom marks to avoid this warning - for details, see https://docs.pytest.org/en/stable/how-to/mark.html
    @pytest.mark.integration

../wepppyo3/docs/work-packages/20260908-hillslope-watbal-native-001/artifacts/test_receipt_baseline.py:8
  /workdir/wepppyo3/docs/work-packages/20260908-hillslope-watbal-native-001/artifacts/test_receipt_baseline.py:8: PytestUnknownMarkWarning: Unknown pytest.mark.unit - is this a typo?  You can register custom marks to avoid this warning - for details, see https://docs.pytest.org/en/stable/how-to/mark.html
    pytestmark = pytest.mark.unit

wepppyo3/docs/work-packages/20260908-hillslope-watbal-native-001/artifacts/test_receipt_baseline.py::test_receipt_stale_write
  /opt/venv/lib/python3.12/site-packages/awesome_codename/data/__init__.py:1: DeprecationWarning: pkg_resources is deprecated as an API. See https://setuptools.pypa.io/en/latest/pkg_resources.html
    from pkg_resources import resource_string

wepppyo3/docs/work-packages/20260908-hillslope-watbal-native-001/artifacts/test_receipt_baseline.py::test_receipt_stale_write
  /opt/venv/lib/python3.12/site-packages/passlib/utils/__init__.py:854: DeprecationWarning: 'crypt' is deprecated and slated for removal in Python 3.13
    from crypt import crypt as _crypt

wepppyo3/docs/work-packages/20260908-hillslope-watbal-native-001/artifacts/test_receipt_baseline.py::test_receipt_stale_write
  /opt/venv/lib/python3.12/site-packages/flask_security/core.py:1426: DeprecationWarning: The ConfirmRegisterForm and the confirm_register_form option are deprecated as of version 5.6.0 and will be removed in a future release.
    self.init_app(app, datastore, register_blueprint=register_blueprint)

wepppyo3/docs/work-packages/20260908-hillslope-watbal-native-001/artifacts/test_receipt_baseline.py::test_receipt_stale_write
  /opt/venv/lib/python3.12/site-packages/flask_security/core.py:1426: DeprecationWarning: The RegisterForm is deprecated as of version 5.6.0 and will be removed in a future release. The form RegisterFormV2 should be sub-classed instead.
    self.init_app(app, datastore, register_blueprint=register_blueprint)

wepppyo3/docs/work-packages/20260908-hillslope-watbal-native-001/artifacts/test_receipt_baseline.py::test_receipt_stale_write
wepppyo3/docs/work-packages/20260908-hillslope-watbal-native-001/artifacts/test_receipt_baseline.py::test_receipt_stale_write
  /opt/venv/lib/python3.12/site-packages/starlette/applications.py:239: DeprecationWarning: The `middleware` decorator is deprecated, and will be removed in version 1.0.0. Refer to https://starlette.dev/middleware/#using-middleware for recommended approach.
    warnings.warn(

../../opt/venv/lib/python3.12/site-packages/_pytest/cacheprovider.py:475
  /opt/venv/lib/python3.12/site-packages/_pytest/cacheprovider.py:475: PytestCacheWarning: could not create cache path /workdir/.pytest_cache/v/cache/nodeids: [Errno 13] Permission denied: '/workdir/pytest-cache-files-18cga6h2'
    config.cache.set("cache/nodeids", sorted(self.cached_nodeids))

-- Docs: https://docs.pytest.org/en/stable/how-to/capture-warnings.html
======================= 1 passed, 12 warnings in 13.13s ========================
