INFO:wctl2:docker compose exec weppcloud bash -lc cd /workdir/wepppy && PYTHONPATH=/workdir/wepppy MYPY_CACHE_DIR=/tmp/mypy_cache /opt/venv/bin/pytest tests/rq/test_batch_rq_retry_selection.py tests/rq/test_batch_deferred_recovery.py --maxfail=1
============================= test session starts ==============================
platform linux -- Python 3.12.14, pytest-9.0.3, pluggy-1.6.0
rootdir: /workdir/wepppy
configfile: pyproject.toml
plugins: reportlog-0.4.0, timeout-2.4.0, cov-7.0.0, libtmux-0.47.0, dash-4.2.0, anyio-4.14.2
collected 34 items

tests/rq/test_batch_rq_retry_selection.py .............................. [ 88%]
..                                                                       [ 94%]
tests/rq/test_batch_deferred_recovery.py ..                              [100%]

=============================== warnings summary ===============================
../../opt/venv/lib/python3.12/site-packages/pytz/tzinfo.py:27
  /opt/venv/lib/python3.12/site-packages/pytz/tzinfo.py:27: DeprecationWarning: datetime.datetime.utcfromtimestamp() is deprecated and scheduled for removal in a future version. Use timezone-aware objects to represent datetimes in UTC: datetime.datetime.fromtimestamp(timestamp, datetime.UTC).
    _epoch = datetime.utcfromtimestamp(0)

../../opt/venv/lib/python3.12/site-packages/pyparsing.py:108
  /opt/venv/lib/python3.12/site-packages/pyparsing.py:108: DeprecationWarning: module 'sre_constants' is deprecated
    import sre_constants

tests/rq/test_batch_rq_retry_selection.py::test_run_batch_project_clears_existing_leaf_locks_before_redisprep
  /opt/venv/lib/python3.12/site-packages/awesome_codename/data/__init__.py:1: DeprecationWarning: pkg_resources is deprecated as an API. See https://setuptools.pypa.io/en/latest/pkg_resources.html
    from pkg_resources import resource_string

tests/rq/test_batch_rq_retry_selection.py::test_run_batch_project_clears_existing_leaf_locks_before_redisprep
  /opt/venv/lib/python3.12/site-packages/passlib/utils/__init__.py:854: DeprecationWarning: 'crypt' is deprecated and slated for removal in Python 3.13
    from crypt import crypt as _crypt

tests/rq/test_batch_rq_retry_selection.py::test_run_batch_project_clears_existing_leaf_locks_before_redisprep
  /opt/venv/lib/python3.12/site-packages/flask_security/core.py:1426: DeprecationWarning: The ConfirmRegisterForm and the confirm_register_form option are deprecated as of version 5.6.0 and will be removed in a future release.
    self.init_app(app, datastore, register_blueprint=register_blueprint)

tests/rq/test_batch_rq_retry_selection.py::test_run_batch_project_clears_existing_leaf_locks_before_redisprep
  /opt/venv/lib/python3.12/site-packages/flask_security/core.py:1426: DeprecationWarning: The RegisterForm is deprecated as of version 5.6.0 and will be removed in a future release. The form RegisterFormV2 should be sub-classed instead.
    self.init_app(app, datastore, register_blueprint=register_blueprint)

tests/rq/test_batch_rq_retry_selection.py::test_run_batch_project_clears_existing_leaf_locks_before_redisprep
tests/rq/test_batch_rq_retry_selection.py::test_run_batch_project_clears_existing_leaf_locks_before_redisprep
  /opt/venv/lib/python3.12/site-packages/starlette/applications.py:239: DeprecationWarning: The `middleware` decorator is deprecated, and will be removed in version 1.0.0. Refer to https://starlette.dev/middleware/#using-middleware for recommended approach.
    warnings.warn(

tests/rq/test_batch_deferred_recovery.py: 1366 warnings
  /opt/venv/lib/python3.12/site-packages/rq/utils.py:128: DeprecationWarning: datetime.datetime.utcnow() is deprecated and scheduled for removal in a future version. Use timezone-aware objects to represent datetimes in UTC: datetime.datetime.now(datetime.UTC).
    return datetime.datetime.utcnow()

tests/rq/test_batch_deferred_recovery.py::test_batch_recovery_uses_persisted_root_and_cancels_omni_descendant
tests/rq/test_batch_deferred_recovery.py::test_batch_recovery_uses_persisted_root_and_cancels_omni_descendant
tests/rq/test_batch_deferred_recovery.py::test_batch_recovery_uses_persisted_root_and_cancels_omni_descendant
tests/rq/test_batch_deferred_recovery.py::test_batch_recovery_uses_persisted_root_and_cancels_omni_descendant
tests/rq/test_batch_deferred_recovery.py::test_batch_recovery_uses_persisted_root_and_cancels_omni_descendant
tests/rq/test_batch_deferred_recovery.py::test_batch_recovery_uses_persisted_root_and_cancels_omni_descendant
tests/rq/test_batch_deferred_recovery.py::test_batch_recovery_uses_persisted_root_and_cancels_omni_descendant
tests/rq/test_batch_deferred_recovery.py::test_batch_recovery_uses_persisted_root_and_cancels_omni_descendant
tests/rq/test_batch_deferred_recovery.py::test_batch_recovery_detects_bytes_id_in_intermediate_queue
  /opt/venv/lib/python3.12/site-packages/rq/utils.py:227: DeprecationWarning: datetime.datetime.utcnow() is deprecated and scheduled for removal in a future version. Use timezone-aware objects to represent datetimes in UTC: datetime.datetime.now(datetime.UTC).
    return calendar.timegm(datetime.datetime.utcnow().utctimetuple())

-- Docs: https://docs.pytest.org/en/stable/how-to/capture-warnings.html
====================== 34 passed, 1383 warnings in 14.04s ======================
