INFO:wctl2:docker compose exec weppcloud bash -lc cd /workdir/wepppy && PYTHONPATH=/workdir/wepppy MYPY_CACHE_DIR=/tmp/mypy_cache /opt/venv/bin/pytest tests --maxfail=1
============================= test session starts ==============================
platform linux -- Python 3.12.14, pytest-9.0.3, pluggy-1.6.0
rootdir: /workdir/wepppy
configfile: pyproject.toml
plugins: reportlog-0.4.0, timeout-2.4.0, cov-7.0.0, libtmux-0.47.0, dash-4.2.0, anyio-4.14.2
collected 7800 items / 1 skipped

tests/all_your_base/geo/test_raster_stacker.py .                         [  0%]
tests/all_your_base/geo/test_vrt.py .................                    [  0%]
tests/all_your_base/test_geo_get_utm_zone.py .                           [  0%]
tests/climate/test_cligen_peak_intensity_contract.py ....                [  0%]
tests/climate/test_cligen_replace_var_nan_guard.py ..                    [  0%]
tests/climate/test_cligen_run_observed_retries.py ..............         [  0%]
tests/climate/test_cligen_wc1_parity.py .s                               [  0%]
tests/climate/test_climate_scaling.py sssssss                            [  0%]
tests/climates/daymet/test_daymet_singlelocation_client.py ...           [  0%]
tests/climates/gridmet/test_admission.py ............................... [  1%]
..............                                                           [  1%]
tests/climates/gridmet/test_admission_clients.py ....................... [  1%]
.....                                                                    [  1%]
tests/climates/gridmet/test_admission_redis.py sssssssss                 [  1%]
tests/climates/gridmet/test_download_clients.py ........................ [  2%]
.                                                                        [  2%]
tests/climates/noaa/test_atlas14_client.py ....                          [  2%]
tests/climates/noaa/test_atlas14_download.py ssss                        [  2%]
tests/climates/test_cligen_geojson_export.py .                           [  2%]
tests/climates/test_cligen_station_catalog_isolation.py .                [  2%]
tests/climates/test_cligen_station_search.py .                           [  2%]
tests/climates/test_cligen_tenerife_catalog.py ....                      [  2%]
tests/climates/test_gridmet_propagation.py .....                         [  2%]
tests/config/test_secrets.py .....                                       [  2%]
tests/culverts/test_culvert_batch_rq.py .......                          [  2%]
tests/culverts/test_culvert_orchestration.py .....                       [  2%]
tests/culverts/test_culverts_runner.py .......                           [  2%]
tests/culverts/test_download_skeletons_script.py ...                     [  2%]
tests/culverts/test_watershed_feature_crs.py ..                          [  2%]
tests/disturbed/test_disturbed_matrix.py ............................... [  3%]
....................................................                     [  3%]
tests/disturbed/test_route_coefficients.py ......                        [  3%]
tests/docker/test_canary_smoke_contract.py s.                            [  3%]
tests/docker/unit/test_download_service_routing.py ......                [  3%]
tests/docker/unit/test_project_config_rollout_contract.py .........      [  4%]
tests/docker/unit/test_rq_worker_startup_contract.py .......             [  4%]
tests/docker/unit/test_weppcloudr_shared_group_contract.py ...           [  4%]
tests/docker/unit/test_wepppyo3_interchange_startup_contract.py .......F [  4%]


=================================== FAILURES ===================================
______________ test_preflight_pins_vendored_interchange_artifact _______________

    def test_preflight_pins_vendored_interchange_artifact() -> None:
        source = PREFLIGHT.read_text(encoding="utf-8")
>       assert (
            'EXPECTED_INTERCHANGE_SHA256 = (\n'
            '    "bf21f5e5aea9a7c690b7f48926d74f8bb412269d4127b74a166a1e0ef598a354"\n'
            ")"
        ) in source
E       assert 'EXPECTED_INTERCHANGE_SHA256 = (\n    "bf21f5e5aea9a7c690b7f48926d74f8bb412269d4127b74a166a1e0ef598a354"\n)' in '#!/usr/bin/env python3\n"""Fail service startup unless the paired WEPPpyo3 interchange release is complete."""\n\nfro... args:\n        os.execvp(args[0], args)\n    return 0\n\n\nif __name__ == "__main__":\n    raise SystemExit(main())\n'

tests/docker/unit/test_wepppyo3_interchange_startup_contract.py:97: AssertionError
=============================== warnings summary ===============================
../../opt/venv/lib/python3.12/site-packages/pytz/tzinfo.py:27
  /opt/venv/lib/python3.12/site-packages/pytz/tzinfo.py:27: DeprecationWarning: datetime.datetime.utcfromtimestamp() is deprecated and scheduled for removal in a future version. Use timezone-aware objects to represent datetimes in UTC: datetime.datetime.fromtimestamp(timestamp, datetime.UTC).
    _epoch = datetime.utcfromtimestamp(0)

../../opt/venv/lib/python3.12/site-packages/pyparsing.py:108
  /opt/venv/lib/python3.12/site-packages/pyparsing.py:108: DeprecationWarning: module 'sre_constants' is deprecated
    import sre_constants

../../opt/venv/lib/python3.12/site-packages/starlette/applications.py:239
../../opt/venv/lib/python3.12/site-packages/starlette/applications.py:239
  /opt/venv/lib/python3.12/site-packages/starlette/applications.py:239: DeprecationWarning: The `middleware` decorator is deprecated, and will be removed in version 1.0.0. Refer to https://starlette.dev/middleware/#using-middleware for recommended approach.
    warnings.warn(

../../opt/venv/lib/python3.12/site-packages/passlib/utils/__init__.py:854
  /opt/venv/lib/python3.12/site-packages/passlib/utils/__init__.py:854: DeprecationWarning: 'crypt' is deprecated and slated for removal in Python 3.13
    from crypt import crypt as _crypt

../../opt/venv/lib/python3.12/site-packages/passlib/pwd.py:16
  /opt/venv/lib/python3.12/site-packages/passlib/pwd.py:16: DeprecationWarning: pkg_resources is deprecated as an API. See https://setuptools.pypa.io/en/latest/pkg_resources.html
    import pkg_resources

wepppy/profile_recorder/assembler.py:14
  /workdir/wepppy/wepppy/profile_recorder/assembler.py:14: DeprecationWarning: __package__ != __spec__.parent
    from .utils import sanitise_component

../../opt/venv/lib/python3.12/site-packages/flask_security/core.py:1426
  /opt/venv/lib/python3.12/site-packages/flask_security/core.py:1426: DeprecationWarning: The ConfirmRegisterForm and the confirm_register_form option are deprecated as of version 5.6.0 and will be removed in a future release.
    self.init_app(app, datastore, register_blueprint=register_blueprint)

../../opt/venv/lib/python3.12/site-packages/flask_security/core.py:1426
  /opt/venv/lib/python3.12/site-packages/flask_security/core.py:1426: DeprecationWarning: The RegisterForm is deprecated as of version 5.6.0 and will be removed in a future release. The form RegisterFormV2 should be sub-classed instead.
    self.init_app(app, datastore, register_blueprint=register_blueprint)

tests/climates/noaa/test_atlas14_client.py::test_download_writes_expected_noaa_report_shape
  /workdir/wepppy/tests/climates/noaa/test_atlas14_client.py:15: RuntimeWarning: Cannot close a netcdf_file opened with mmap=True, when netcdf_variables or arrays referring to its data still exist. All data arrays obtained from such files refer directly to data on disk, and must be copied before the file can be cleanly closed. (See netcdf_file docstring for more information on mmap.)
    lower = [[str((row + 3) * (col + 1)) for col in range(10)] for row in range(19)]

tests/climates/test_gridmet_propagation.py::test_daymet_download_pool_receives_pickle_safe_config
  /workdir/wepppy/wepppy/climates/daymet/daymet_singlelocation_client.py:296: FutureWarning: This function is deprecated. See: https://pyproj4.github.io/pyproj/stable/gotchas.html#upgrading-to-pyproj-2-from-pyproj-1
    hill_easting, hill_northing = pyproj.transform(wgs84_proj, raster_proj, loc['longitude'], loc['latitude'])

tests/climates/test_gridmet_propagation.py::test_daymet_download_pool_receives_pickle_safe_config
  /workdir/wepppy/wepppy/climates/daymet/daymet_singlelocation_client.py:345: FutureWarning: This function is deprecated. See: https://pyproj4.github.io/pyproj/stable/gotchas.html#upgrading-to-pyproj-2-from-pyproj-1
    lng, lat = pyproj.transform(raster_proj, wgs84_proj, eastings[i], northings[j])

-- Docs: https://docs.pytest.org/en/stable/how-to/capture-warnings.html
=========================== short test summary info ============================
FAILED tests/docker/unit/test_wepppyo3_interchange_startup_contract.py::test_preflight_pins_vendored_interchange_artifact
!!!!!!!!!!!!!!!!!!!!!!!!!! stopping after 1 failures !!!!!!!!!!!!!!!!!!!!!!!!!!!
====== 1 failed, 308 passed, 23 skipped, 12 warnings in 321.84s (0:05:21) ======
