F                                                                        [100%]
=================================== FAILURES ===================================
_____________________ test_frozen_contract[ash_nan_year0] ______________________

native = <built-in function totalwatsed3_to_parquet>
tmp_path = PosixPath('/tmp/pytest-of-roger/pytest-3/test_frozen_contract_ash_nan_y0')
case = 'ash_nan_year0'

    @pytest.mark.parametrize('case', CASES)
    def test_frozen_contract(native, tmp_path, case):
        source = FIXTURES / 'contracts' / case
        options = json.loads((source / 'case.json').read_text())
        options['ash_inputs'] = [(str(source / path), *metadata) for path, *metadata in options['ash_inputs']]
        out = tmp_path / 'totalwatsed3.parquet'
        summary = produce(native, source, out, **options)
>       assert_parity(source / 'totalwatsed3.parquet', out)

tests/wepp_interchange/test_totalwatsed3.py:63:
_ _ _ _ _ _ _ _ _ _ _ _ _ _ _ _ _ _ _ _ _ _ _ _ _ _ _ _ _ _ _ _ _ _ _ _ _ _ _ _
tests/wepp_interchange/test_totalwatsed3.py:42: in assert_parity
    np.testing.assert_allclose(a.to_numpy()[valid], o.to_numpy()[valid], rtol=1e-10, atol=1e-12, equal_nan=True, err_msg=name)
_ _ _ _ _ _ _ _ _ _ _ _ _ _ _ _ _ _ _ _ _ _ _ _ _ _ _ _ _ _ _ _ _ _ _ _ _ _ _ _

args = (<function assert_allclose.<locals>.compare at 0x7ef0cb171e40>, array([0. , 0.3, 0. ]), array([0.6, 0.3, 0. ]))
kwds = {'equal_nan': True, 'err_msg': 'wind_transport', 'header': 'Not equal to tolerance rtol=1e-10, atol=1e-12', 'verbose': True}

    @wraps(func)
    def inner(*args, **kwds):
        with self._recreate_cm():
>           return func(*args, **kwds)
                   ^^^^^^^^^^^^^^^^^^^
E           AssertionError:
E           Not equal to tolerance rtol=1e-10, atol=1e-12
E           wind_transport
E           Mismatched elements: 1 / 3 (33.3%)
E           Max absolute difference: 0.6
E           Max relative difference: 1.
E            x: array([0. , 0.3, 0. ])
E            y: array([0.6, 0.3, 0. ])

/usr/lib/python3.12/contextlib.py:81: AssertionError
=============================== warnings summary ===============================
tests/wepp_interchange/test_totalwatsed3.py::test_frozen_contract[ash_nan_year0]
  /workdir/wepppy/.venv/lib/python3.12/site-packages/pytz/tzinfo.py:27: DeprecationWarning: datetime.datetime.utcfromtimestamp() is deprecated and scheduled for removal in a future version. Use timezone-aware objects to represent datetimes in UTC: datetime.datetime.fromtimestamp(timestamp, datetime.UTC).
    _epoch = datetime.utcfromtimestamp(0)

-- Docs: https://docs.pytest.org/en/stable/how-to/capture-warnings.html
=========================== short test summary info ============================
FAILED tests/wepp_interchange/test_totalwatsed3.py::test_frozen_contract[ash_nan_year0]
1 failed, 29 deselected, 1 warning in 0.82s
