python incommensurate-stickball 1 1.057 466.9 MiB
native incommensurate-stickball 1 0.989 459.1 MiB
python incommensurate-stickball 2 0.856 467.7 MiB
native incommensurate-stickball 2 0.801 469.9 MiB
python incommensurate-stickball 3 0.848 456.2 MiB
native incommensurate-stickball 3 0.804 470.8 MiB
python incommensurate-stickball 4 0.928 463.2 MiB
native incommensurate-stickball 4 0.818 473.4 MiB
python incommensurate-stickball 5 0.88 464.4 MiB
native incommensurate-stickball 5 0.818 471.2 MiB
python throbbing-sylvan 1 3.554 961.6 MiB
native throbbing-sylvan 1 3.784 479.4 MiB
python throbbing-sylvan 2 3.531 959.9 MiB
native throbbing-sylvan 2 3.799 479.5 MiB
python throbbing-sylvan 3 3.571 961.8 MiB
native throbbing-sylvan 3 3.775 480.9 MiB
python throbbing-sylvan 4 3.517 960.6 MiB
native throbbing-sylvan 4 3.788 476.6 MiB
python throbbing-sylvan 5 3.497 961.5 MiB
native throbbing-sylvan 5 3.772 478.4 MiB
