INFO:wctl2:docker compose run --no-deps --name totalwatsed3-release-acceptance-v2 rq-worker /opt/venv/bin/python /workdir/wepppyo3/target/totalwatsed3-evidence/totalwatsed3_acceptance.py
time="2026-09-07T21:45:24-07:00" level=warning msg="Found orphan containers (totalwatsed3-release-acceptance, wepppy-f-esri) for this project. If you removed or renamed this service in your compose file, you can run this command with the --remove-orphans flag to clean it up."
 Container totalwatsed3-release-acceptance-v2 Creating
 Container totalwatsed3-release-acceptance-v2 Created
>>> WEPPpyo3 interchange import OK: /workdir/wepppyo3/release/linux/py312/wepppyo3/wepp_interchange/wepp_interchange_rust.so
>>> WEPPpyo3 interchange SHA256: 0e681131bde2790af53e1cda9d7292aba99a1aa1debb5cc71b3ee8c84956ba2f
[2026-09-08 04:45:42,711] WARNING in agent_auth: AGENT_JWT_SECRET not configured; falling back to SECRET_KEY for agent JWTs
04:45:45 Worker rq:worker:totalwatsed3-acceptance-0411978315aa started with PID 7, version 1.16.2
04:45:45 Subscribing to channel rq:pubsub:totalwatsed3-acceptance-0411978315aa
04:45:45 *** Listening on totalwatsed3-acceptance-0411978315aa...
04:45:45 Cleaning registries for queue: totalwatsed3-acceptance-0411978315aa
04:45:45 totalwatsed3-acceptance-0411978315aa: wepppy.rq.wepp_rq_stage_post._build_totalwatsed3_rq('profile;;tmp;;totalwatsed3-5860-0411978315aa') (579dcdbe-c72a-4a56-b6ed-2d36cd196310)
Starting job 579dcdbe-c72a-4a56-b6ed-2d36cd196310
Finished job 579dcdbe-c72a-4a56-b6ed-2d36cd196310
04:46:22 totalwatsed3-acceptance-0411978315aa: Job OK (579dcdbe-c72a-4a56-b6ed-2d36cd196310)
04:46:22 Result is kept for 3600 seconds
04:46:22 totalwatsed3-acceptance-0411978315aa: totalwatsed3_acceptance.downstream('profile;;tmp;;totalwatsed3-5860-0411978315aa') (8ad03dca-f36e-4d69-84ee-9c5d7d6c9521)
Starting job 8ad03dca-f36e-4d69-84ee-9c5d7d6c9521
Finished job 8ad03dca-f36e-4d69-84ee-9c5d7d6c9521
04:46:22 totalwatsed3-acceptance-0411978315aa: Job OK (8ad03dca-f36e-4d69-84ee-9c5d7d6c9521)
04:46:22 Result is kept for 3600 seconds
04:46:22 totalwatsed3-acceptance-0411978315aa: wepppy.rq.wepp_rq_stage_post._build_totalwatsed3_rq('profile;;tmp;;totalwatsed3-586-0411978315aa') (f921fc1a-9fae-46dd-96ab-92ac49b63a59)
Starting job f921fc1a-9fae-46dd-96ab-92ac49b63a59
Finished job f921fc1a-9fae-46dd-96ab-92ac49b63a59
04:46:27 totalwatsed3-acceptance-0411978315aa: Job OK (f921fc1a-9fae-46dd-96ab-92ac49b63a59)
04:46:27 Result is kept for 3600 seconds
04:46:27 Worker rq:worker:totalwatsed3-acceptance-0411978315aa: done, quitting
04:46:27 Unsubscribing from channel rq:pubsub:totalwatsed3-acceptance-0411978315aa
COMPOSE_RQ_ACCEPTANCE {"queue": "totalwatsed3-acceptance-0411978315aa", "worker": "totalwatsed3-acceptance-0411978315aa", "jobs": [{"id": "579dcdbe-c72a-4a56-b6ed-2d36cd196310", "status": "finished", "exception": null}, {"id": "8ad03dca-f36e-4d69-84ee-9c5d7d6c9521", "status": "finished", "exception": null}, {"id": "f921fc1a-9fae-46dd-96ab-92ac49b63a59", "status": "finished", "exception": null}], "runids": ["profile;;tmp;;totalwatsed3-5860-0411978315aa", "profile;;tmp;;totalwatsed3-586-0411978315aa"], "run_paths": ["/workdir/wepppyo3/target/totalwatsed3-evidence/rq-runs/totalwatsed3-5860-0411978315aa", "/workdir/wepppyo3/target/totalwatsed3-evidence/rq-runs/totalwatsed3-586-0411978315aa"], "uid": 1000, "gid": 993, "groups": [993], "umask": "0o22", "cpu_affinity": [0, 1, 2, 3, 4, 5, 6, 7, 8, 9, 10, 11], "WEPPPY_NCPU": "12", "memory_max": "12884901888", "memory_peak_bytes": 911167488, "memory_events": "low 0\nhigh 0\nmax 0\noom 0\noom_kill 0\noom_group_kill 0\n"}
