python incommensurate-stickball 1 0.842 464.1 MiB
native incommensurate-stickball 1 0.818 450.2 MiB
python incommensurate-stickball 2 0.847 466.9 MiB
native incommensurate-stickball 2 0.823 450.5 MiB
python incommensurate-stickball 3 0.868 461.9 MiB
native incommensurate-stickball 3 0.817 452.9 MiB
python incommensurate-stickball 4 0.853 466.9 MiB
native incommensurate-stickball 4 0.827 449.9 MiB
python incommensurate-stickball 5 0.873 466.1 MiB
native incommensurate-stickball 5 0.81 450.7 MiB
python throbbing-sylvan 1 3.539 960.5 MiB
native throbbing-sylvan 1 3.825 437.1 MiB
python throbbing-sylvan 2 3.542 960.3 MiB
native throbbing-sylvan 2 3.808 430.6 MiB
python throbbing-sylvan 3 3.628 960.8 MiB
native throbbing-sylvan 3 3.806 431.3 MiB
python throbbing-sylvan 4 3.449 960.1 MiB
native throbbing-sylvan 4 3.847 429.5 MiB
python throbbing-sylvan 5 3.614 960.5 MiB
native throbbing-sylvan 5 3.813 430.9 MiB
