INFO:wctl2:docker compose exec weppcloud bash -lc cd /workdir/wepppy && PYTHONPATH=/workdir/wepppy MYPY_CACHE_DIR=/tmp/mypy_cache /opt/venv/bin/pytest tests/wepp/reports --maxfail=1
============================= test session starts ==============================
platform linux -- Python 3.12.14, pytest-9.0.3, pluggy-1.6.0
rootdir: /workdir/wepppy
configfile: pyproject.toml
plugins: reportlog-0.4.0, timeout-2.4.0, cov-7.0.0, libtmux-0.47.0, dash-4.2.0, anyio-4.14.2
collected 37 items

tests/wepp/reports/test_average_annuals_by_landuse.py .                  [  2%]
tests/wepp/reports/test_channel_watbal.py ...                            [ 10%]
tests/wepp/reports/test_frq_flood.py .                                   [ 13%]
tests/wepp/reports/test_harness_stub.py .                                [ 16%]
tests/wepp/reports/test_hillslope_watbal.py .......                      [ 35%]
tests/wepp/reports/test_loss_reports.py .......                          [ 54%]
tests/wepp/reports/test_output_scope.py ....                             [ 64%]
tests/wepp/reports/test_return_periods_dataset.py ......                 [ 81%]
tests/wepp/reports/test_return_periods_phase7.py ..                      [ 86%]
tests/wepp/reports/test_sediment_characteristics.py .                    [ 89%]
tests/wepp/reports/test_total_watbal.py ....                             [100%]

=============================== warnings summary ===============================
../../opt/venv/lib/python3.12/site-packages/pytz/tzinfo.py:27
  /opt/venv/lib/python3.12/site-packages/pytz/tzinfo.py:27: DeprecationWarning: datetime.datetime.utcfromtimestamp() is deprecated and scheduled for removal in a future version. Use timezone-aware objects to represent datetimes in UTC: datetime.datetime.fromtimestamp(timestamp, datetime.UTC).
    _epoch = datetime.utcfromtimestamp(0)

-- Docs: https://docs.pytest.org/en/stable/how-to/capture-warnings.html
======================== 37 passed, 1 warning in 8.91s =========================
