ghcr.io/rogerlew/wepppy@sha256:3201f5cdd187e0e1bae280425c60ab81141c89371276861c076aa287bc0efcb7: Pulling from rogerlew/wepppy
26c307b5e35a: Already exists
5a31db4cd478: Pulling fs layer
c85ad0bcaca8: Pulling fs layer
b3c7a9bdb4f2: Pulling fs layer
6d7f191f0795: Pulling fs layer
7c9316a082cb: Pulling fs layer
4d4a843d59e9: Pulling fs layer
491bfd1f2eff: Pulling fs layer
53771bc71083: Pulling fs layer
64b9f2cf93ac: Pulling fs layer
e59f8af64ea9: Pulling fs layer
0ceb853b34b2: Pulling fs layer
ab0a405e6e4d: Pulling fs layer
4f4fb700ef54: Pulling fs layer
16936ae311f2: Pulling fs layer
36ae1f6bd784: Pulling fs layer
7c9316a082cb: Waiting
64c2a2a6d427: Pulling fs layer
4d4a843d59e9: Waiting
0ab2f8c6b0ec: Pulling fs layer
491bfd1f2eff: Waiting
462aa984a3bc: Pulling fs layer
53771bc71083: Waiting
15c5d907056d: Pulling fs layer
64b9f2cf93ac: Waiting
ab0a405e6e4d: Waiting
4f4fb700ef54: Waiting
e59f8af64ea9: Waiting
0ab2f8c6b0ec: Waiting
16936ae311f2: Waiting
0ceb853b34b2: Waiting
462aa984a3bc: Waiting
36ae1f6bd784: Waiting
15c5d907056d: Waiting
64c2a2a6d427: Waiting
6d7f191f0795: Waiting
b3c7a9bdb4f2: Verifying Checksum
b3c7a9bdb4f2: Download complete
5a31db4cd478: Verifying Checksum
5a31db4cd478: Download complete
c85ad0bcaca8: Verifying Checksum
c85ad0bcaca8: Download complete
5a31db4cd478: Pull complete
7c9316a082cb: Verifying Checksum
7c9316a082cb: Download complete
491bfd1f2eff: Verifying Checksum
491bfd1f2eff: Download complete
4d4a843d59e9: Verifying Checksum
4d4a843d59e9: Download complete
c85ad0bcaca8: Pull complete
b3c7a9bdb4f2: Pull complete
64b9f2cf93ac: Verifying Checksum
64b9f2cf93ac: Download complete
e59f8af64ea9: Verifying Checksum
e59f8af64ea9: Download complete
0ceb853b34b2: Verifying Checksum
0ceb853b34b2: Download complete
6d7f191f0795: Verifying Checksum
6d7f191f0795: Download complete
4f4fb700ef54: Download complete
16936ae311f2: Verifying Checksum
16936ae311f2: Download complete
36ae1f6bd784: Verifying Checksum
36ae1f6bd784: Download complete
53771bc71083: Verifying Checksum
53771bc71083: Download complete
0ab2f8c6b0ec: Verifying Checksum
0ab2f8c6b0ec: Download complete
ab0a405e6e4d: Verifying Checksum
ab0a405e6e4d: Download complete
15c5d907056d: Verifying Checksum
15c5d907056d: Download complete
462aa984a3bc: Verifying Checksum
462aa984a3bc: Download complete
64c2a2a6d427: Verifying Checksum
64c2a2a6d427: Download complete
6d7f191f0795: Pull complete
7c9316a082cb: Pull complete
4d4a843d59e9: Pull complete
491bfd1f2eff: Pull complete
53771bc71083: Pull complete
64b9f2cf93ac: Pull complete
e59f8af64ea9: Pull complete
0ceb853b34b2: Pull complete
ab0a405e6e4d: Pull complete
4f4fb700ef54: Pull complete
16936ae311f2: Pull complete
36ae1f6bd784: Pull complete
64c2a2a6d427: Pull complete
0ab2f8c6b0ec: Pull complete
462aa984a3bc: Pull complete
15c5d907056d: Pull complete
Digest: sha256:3201f5cdd187e0e1bae280425c60ab81141c89371276861c076aa287bc0efcb7
Status: Downloaded newer image for ghcr.io/rogerlew/wepppy@sha256:3201f5cdd187e0e1bae280425c60ab81141c89371276861c076aa287bc0efcb7
ghcr.io/rogerlew/wepppy@sha256:3201f5cdd187e0e1bae280425c60ab81141c89371276861c076aa287bc0efcb7
