python incommensurate-stickball 1 0.973 468.9 MiB
native incommensurate-stickball 1 0.88 444.5 MiB
python incommensurate-stickball 2 0.962 464.9 MiB
native incommensurate-stickball 2 0.828 449.9 MiB
python incommensurate-stickball 3 0.922 464.4 MiB
native incommensurate-stickball 3 0.829 450.0 MiB
python incommensurate-stickball 4 0.971 474.8 MiB
native incommensurate-stickball 4 0.838 453.7 MiB
python incommensurate-stickball 5 0.905 461.9 MiB
native incommensurate-stickball 5 0.826 452.7 MiB
python throbbing-sylvan 1 3.573 961.3 MiB
native throbbing-sylvan 1 3.867 432.0 MiB
python throbbing-sylvan 2 3.639 960.9 MiB
native throbbing-sylvan 2 3.859 436.1 MiB
python throbbing-sylvan 3 3.675 960.9 MiB
native throbbing-sylvan 3 3.877 430.9 MiB
python throbbing-sylvan 4 3.601 960.2 MiB
native throbbing-sylvan 4 3.868 434.7 MiB
python throbbing-sylvan 5 3.629 960.3 MiB
native throbbing-sylvan 5 3.871 436.7 MiB
