73 H.element.parquet 1384092 1.54
73 H.pass.parquet 24483415 1.19
73 H.soil.parquet 12065064 0.7
73 H.wat.parquet 20322360 1.06
READY 73
146 H.element.parquet 2846301 0.46
146 H.pass.parquet 47158446 2.28
146 H.soil.parquet 23985981 1.37
146 H.wat.parquet 40720947 2.04
READY 146
293 H.element.parquet 6019870 0.92
293 H.pass.parquet 96912007 4.67
293 H.soil.parquet 48028218 2.77
293 H.wat.parquet 83551717 4.17
READY 293
READY 586
2344 H.element.parquet 55025779 7.59
2344 H.pass.parquet 771165161 38.01
2344 H.soil.parquet 382262328 21.81
2344 H.wat.parquet 679984732 33.99
READY 2344
5860 H.element.parquet 137562799 19.45
5860 H.pass.parquet 1927942529 92.34
5860 H.soil.parquet 955703502 54.28
5860 H.wat.parquet 1699997350 82.65
READY 5860
