INFO:wctl2:docker compose exec weppcloud bash -lc cd /workdir/wepppy && PYTHONPATH=/workdir/wepppy MYPY_CACHE_DIR=/tmp/mypy_cache /opt/venv/bin/pytest tests/wepp/interchange tests/docker/unit/test_wepppyo3_interchange_startup_contract.py --maxfail=1
============================= test session starts ==============================
platform linux -- Python 3.12.14, pytest-9.0.3, pluggy-1.6.0
rootdir: /workdir/wepppy
configfile: pyproject.toml
plugins: reportlog-0.4.0, timeout-2.4.0, cov-7.0.0, libtmux-0.47.0, dash-4.2.0, anyio-4.14.2
collected 84 items

tests/wepp/interchange/test_ag_fields_interchange.py ................... [ 22%]
..                                                                       [ 25%]
tests/wepp/interchange/test_calendar_utils.py .                          [ 26%]
tests/wepp/interchange/test_catalog_scan_rust.py .                       [ 27%]
tests/wepp/interchange/test_hec_ras_boundary.py .                        [ 28%]
tests/wepp/interchange/test_hill_interchange_cleanup.py ....             [ 33%]
tests/wepp/interchange/test_hill_interchange_import_smoke.py .           [ 34%]
tests/wepp/interchange/test_interchange_documentation.py .....           [ 40%]
tests/wepp/interchange/test_native_only_interchange_facades.py ....      [ 45%]
tests/wepp/interchange/test_rust_interchange.py ......                   [ 52%]
tests/wepp/interchange/test_totalwatsed3.py .....                        [ 58%]
tests/wepp/interchange/test_utils_phase7.py ...                          [ 61%]
tests/wepp/interchange/test_versioning.py ....                           [ 66%]
tests/wepp/interchange/test_watershed_chan_interchange.py .              [ 67%]
tests/wepp/interchange/test_watershed_chan_peak_interchange.py .         [ 69%]
tests/wepp/interchange/test_watershed_chanwb_interchange.py .            [ 70%]
tests/wepp/interchange/test_watershed_ebe_interchange.py .....           [ 76%]
tests/wepp/interchange/test_watershed_interchange_pass_family.py ....    [ 80%]
tests/wepp/interchange/test_watershed_loss_interchange.py ..             [ 83%]
tests/wepp/interchange/test_watershed_pass_interchange.py s              [ 84%]
tests/wepp/interchange/test_watershed_totalwatsed_export.py ...          [ 88%]
tests/docker/unit/test_wepppyo3_interchange_startup_contract.py ........ [ 97%]
..                                                                       [100%]

=============================== warnings summary ===============================
../../opt/venv/lib/python3.12/site-packages/pytz/tzinfo.py:27
  /opt/venv/lib/python3.12/site-packages/pytz/tzinfo.py:27: DeprecationWarning: datetime.datetime.utcfromtimestamp() is deprecated and scheduled for removal in a future version. Use timezone-aware objects to represent datetimes in UTC: datetime.datetime.fromtimestamp(timestamp, datetime.UTC).
    _epoch = datetime.utcfromtimestamp(0)

tests/wepp/interchange/test_ag_fields_interchange.py::test_publishes_six_file_bundle_in_numeric_subfield_order
  /opt/venv/lib/python3.12/site-packages/pyparsing.py:108: DeprecationWarning: module 'sre_constants' is deprecated
    import sre_constants

-- Docs: https://docs.pytest.org/en/stable/how-to/capture-warnings.html
================== 83 passed, 1 skipped, 2 warnings in 41.78s ==================
