CRITICAL:root:Error connecting to Redis (NODB_CACHE) with pool: Authentication required.
Traceback (most recent call last):
  File "/workdir/wepppy/wepppy/nodb/base.py", line 433, in <module>
    redis_nodb_cache_client.ping()
  File "/workdir/wepppy/.venv/lib/python3.12/site-packages/redis/commands/core.py", line 1219, in ping
    return self.execute_command("PING", **kwargs)
           ^^^^^^^^^^^^^^^^^^^^^^^^^^^^^^^^^^^^^^
  File "/workdir/wepppy/.venv/lib/python3.12/site-packages/redis/client.py", line 623, in execute_command
    return self._execute_command(*args, **options)
           ^^^^^^^^^^^^^^^^^^^^^^^^^^^^^^^^^^^^^^^
  File "/workdir/wepppy/.venv/lib/python3.12/site-packages/redis/client.py", line 629, in _execute_command
    conn = self.connection or pool.get_connection()
                              ^^^^^^^^^^^^^^^^^^^^^
  File "/workdir/wepppy/.venv/lib/python3.12/site-packages/redis/utils.py", line 191, in wrapper
    return func(*args, **kwargs)
           ^^^^^^^^^^^^^^^^^^^^^
  File "/workdir/wepppy/.venv/lib/python3.12/site-packages/redis/connection.py", line 1530, in get_connection
    connection.connect()
  File "/workdir/wepppy/.venv/lib/python3.12/site-packages/redis/connection.py", line 379, in connect
    self.connect_check_health(check_health=True)
  File "/workdir/wepppy/.venv/lib/python3.12/site-packages/redis/connection.py", line 397, in connect_check_health
    self.on_connect_check_health(check_health=check_health)
  File "/workdir/wepppy/.venv/lib/python3.12/site-packages/redis/connection.py", line 510, in on_connect_check_health
    self.send_command(
  File "/workdir/wepppy/.venv/lib/python3.12/site-packages/redis/connection.py", line 608, in send_command
    self.send_packed_command(
  File "/workdir/wepppy/.venv/lib/python3.12/site-packages/redis/connection.py", line 581, in send_packed_command
    self.check_health()
  File "/workdir/wepppy/.venv/lib/python3.12/site-packages/redis/connection.py", line 573, in check_health
    self.retry.call_with_retry(self._send_ping, self._ping_failed)
  File "/workdir/wepppy/.venv/lib/python3.12/site-packages/redis/retry.py", line 92, in call_with_retry
    raise error
  File "/workdir/wepppy/.venv/lib/python3.12/site-packages/redis/retry.py", line 87, in call_with_retry
    return do()
           ^^^^
  File "/workdir/wepppy/.venv/lib/python3.12/site-packages/redis/connection.py", line 562, in _send_ping
    self.send_command("PING", check_health=False)
  File "/workdir/wepppy/.venv/lib/python3.12/site-packages/redis/connection.py", line 608, in send_command
    self.send_packed_command(
  File "/workdir/wepppy/.venv/lib/python3.12/site-packages/redis/connection.py", line 578, in send_packed_command
    self.connect_check_health(check_health=False)
  File "/workdir/wepppy/.venv/lib/python3.12/site-packages/redis/connection.py", line 397, in connect_check_health
    self.on_connect_check_health(check_health=check_health)
  File "/workdir/wepppy/.venv/lib/python3.12/site-packages/redis/connection.py", line 517, in on_connect_check_health
    self.read_response()
  File "/workdir/wepppy/.venv/lib/python3.12/site-packages/redis/connection.py", line 644, in read_response
    response = self._parser.read_response(disable_decoding=disable_decoding)
               ^^^^^^^^^^^^^^^^^^^^^^^^^^^^^^^^^^^^^^^^^^^^^^^^^^^^^^^^^^^^^
  File "/workdir/wepppy/.venv/lib/python3.12/site-packages/redis/_parsers/resp2.py", line 15, in read_response
    result = self._read_response(disable_decoding=disable_decoding)
             ^^^^^^^^^^^^^^^^^^^^^^^^^^^^^^^^^^^^^^^^^^^^^^^^^^^^^^
  File "/workdir/wepppy/.venv/lib/python3.12/site-packages/redis/_parsers/resp2.py", line 38, in _read_response
    raise error
redis.exceptions.AuthenticationError: Authentication required.
CRITICAL:root:Error connecting to Redis (STATUS) with pool: Authentication required.
Traceback (most recent call last):
  File "/workdir/wepppy/wepppy/nodb/base.py", line 451, in <module>
    redis_status_client.ping()
  File "/workdir/wepppy/.venv/lib/python3.12/site-packages/redis/commands/core.py", line 1219, in ping
    return self.execute_command("PING", **kwargs)
           ^^^^^^^^^^^^^^^^^^^^^^^^^^^^^^^^^^^^^^
  File "/workdir/wepppy/.venv/lib/python3.12/site-packages/redis/client.py", line 623, in execute_command
    return self._execute_command(*args, **options)
           ^^^^^^^^^^^^^^^^^^^^^^^^^^^^^^^^^^^^^^^
  File "/workdir/wepppy/.venv/lib/python3.12/site-packages/redis/client.py", line 629, in _execute_command
    conn = self.connection or pool.get_connection()
                              ^^^^^^^^^^^^^^^^^^^^^
  File "/workdir/wepppy/.venv/lib/python3.12/site-packages/redis/utils.py", line 191, in wrapper
    return func(*args, **kwargs)
           ^^^^^^^^^^^^^^^^^^^^^
  File "/workdir/wepppy/.venv/lib/python3.12/site-packages/redis/connection.py", line 1530, in get_connection
    connection.connect()
  File "/workdir/wepppy/.venv/lib/python3.12/site-packages/redis/connection.py", line 379, in connect
    self.connect_check_health(check_health=True)
  File "/workdir/wepppy/.venv/lib/python3.12/site-packages/redis/connection.py", line 397, in connect_check_health
    self.on_connect_check_health(check_health=check_health)
  File "/workdir/wepppy/.venv/lib/python3.12/site-packages/redis/connection.py", line 517, in on_connect_check_health
    self.read_response()
  File "/workdir/wepppy/.venv/lib/python3.12/site-packages/redis/connection.py", line 644, in read_response
    response = self._parser.read_response(disable_decoding=disable_decoding)
               ^^^^^^^^^^^^^^^^^^^^^^^^^^^^^^^^^^^^^^^^^^^^^^^^^^^^^^^^^^^^^
  File "/workdir/wepppy/.venv/lib/python3.12/site-packages/redis/_parsers/resp2.py", line 15, in read_response
    result = self._read_response(disable_decoding=disable_decoding)
             ^^^^^^^^^^^^^^^^^^^^^^^^^^^^^^^^^^^^^^^^^^^^^^^^^^^^^^
  File "/workdir/wepppy/.venv/lib/python3.12/site-packages/redis/_parsers/resp2.py", line 38, in _read_response
    raise error
redis.exceptions.AuthenticationError: Authentication required.
CRITICAL:root:Error connecting to Redis (LOCK) with pool: Authentication required.
Traceback (most recent call last):
  File "/workdir/wepppy/wepppy/nodb/base.py", line 469, in <module>
    redis_lock_client.ping()
  File "/workdir/wepppy/.venv/lib/python3.12/site-packages/redis/commands/core.py", line 1219, in ping
    return self.execute_command("PING", **kwargs)
           ^^^^^^^^^^^^^^^^^^^^^^^^^^^^^^^^^^^^^^
  File "/workdir/wepppy/.venv/lib/python3.12/site-packages/redis/client.py", line 623, in execute_command
    return self._execute_command(*args, **options)
           ^^^^^^^^^^^^^^^^^^^^^^^^^^^^^^^^^^^^^^^
  File "/workdir/wepppy/.venv/lib/python3.12/site-packages/redis/client.py", line 629, in _execute_command
    conn = self.connection or pool.get_connection()
                              ^^^^^^^^^^^^^^^^^^^^^
  File "/workdir/wepppy/.venv/lib/python3.12/site-packages/redis/utils.py", line 191, in wrapper
    return func(*args, **kwargs)
           ^^^^^^^^^^^^^^^^^^^^^
  File "/workdir/wepppy/.venv/lib/python3.12/site-packages/redis/connection.py", line 1530, in get_connection
    connection.connect()
  File "/workdir/wepppy/.venv/lib/python3.12/site-packages/redis/connection.py", line 379, in connect
    self.connect_check_health(check_health=True)
  File "/workdir/wepppy/.venv/lib/python3.12/site-packages/redis/connection.py", line 397, in connect_check_health
    self.on_connect_check_health(check_health=check_health)
  File "/workdir/wepppy/.venv/lib/python3.12/site-packages/redis/connection.py", line 517, in on_connect_check_health
    self.read_response()
  File "/workdir/wepppy/.venv/lib/python3.12/site-packages/redis/connection.py", line 644, in read_response
    response = self._parser.read_response(disable_decoding=disable_decoding)
               ^^^^^^^^^^^^^^^^^^^^^^^^^^^^^^^^^^^^^^^^^^^^^^^^^^^^^^^^^^^^^
  File "/workdir/wepppy/.venv/lib/python3.12/site-packages/redis/_parsers/resp2.py", line 15, in read_response
    result = self._read_response(disable_decoding=disable_decoding)
             ^^^^^^^^^^^^^^^^^^^^^^^^^^^^^^^^^^^^^^^^^^^^^^^^^^^^^^
  File "/workdir/wepppy/.venv/lib/python3.12/site-packages/redis/_parsers/resp2.py", line 38, in _read_response
    raise error
redis.exceptions.AuthenticationError: Authentication required.
CRITICAL:root:Error connecting to Redis (LOG_LEVEL) with pool: Authentication required.
Traceback (most recent call last):
  File "/workdir/wepppy/wepppy/nodb/base.py", line 487, in <module>
    redis_log_level_client.ping()
  File "/workdir/wepppy/.venv/lib/python3.12/site-packages/redis/commands/core.py", line 1219, in ping
    return self.execute_command("PING", **kwargs)
           ^^^^^^^^^^^^^^^^^^^^^^^^^^^^^^^^^^^^^^
  File "/workdir/wepppy/.venv/lib/python3.12/site-packages/redis/client.py", line 623, in execute_command
    return self._execute_command(*args, **options)
           ^^^^^^^^^^^^^^^^^^^^^^^^^^^^^^^^^^^^^^^
  File "/workdir/wepppy/.venv/lib/python3.12/site-packages/redis/client.py", line 629, in _execute_command
    conn = self.connection or pool.get_connection()
                              ^^^^^^^^^^^^^^^^^^^^^
  File "/workdir/wepppy/.venv/lib/python3.12/site-packages/redis/utils.py", line 191, in wrapper
    return func(*args, **kwargs)
           ^^^^^^^^^^^^^^^^^^^^^
  File "/workdir/wepppy/.venv/lib/python3.12/site-packages/redis/connection.py", line 1530, in get_connection
    connection.connect()
  File "/workdir/wepppy/.venv/lib/python3.12/site-packages/redis/connection.py", line 379, in connect
    self.connect_check_health(check_health=True)
  File "/workdir/wepppy/.venv/lib/python3.12/site-packages/redis/connection.py", line 397, in connect_check_health
    self.on_connect_check_health(check_health=check_health)
  File "/workdir/wepppy/.venv/lib/python3.12/site-packages/redis/connection.py", line 517, in on_connect_check_health
    self.read_response()
  File "/workdir/wepppy/.venv/lib/python3.12/site-packages/redis/connection.py", line 644, in read_response
    response = self._parser.read_response(disable_decoding=disable_decoding)
               ^^^^^^^^^^^^^^^^^^^^^^^^^^^^^^^^^^^^^^^^^^^^^^^^^^^^^^^^^^^^^
  File "/workdir/wepppy/.venv/lib/python3.12/site-packages/redis/_parsers/resp2.py", line 15, in read_response
    result = self._read_response(disable_decoding=disable_decoding)
             ^^^^^^^^^^^^^^^^^^^^^^^^^^^^^^^^^^^^^^^^^^^^^^^^^^^^^^
  File "/workdir/wepppy/.venv/lib/python3.12/site-packages/redis/_parsers/resp2.py", line 38, in _read_response
    raise error
redis.exceptions.AuthenticationError: Authentication required.
Error connecting to Redis: Authentication required.
{"canine-liar": {"watershed_cumulatives.parquet": 9, "hillslope_annuals.parquet": 10, "watershed_daily_by_burn_class.parquet": 964, "watershed_annuals.parquet": 5, "watershed_daily.parquet": 964}, "assisted-weakness": {"watershed_cumulatives.parquet": 10, "hillslope_annuals.parquet": 10, "watershed_daily_by_burn_class.parquet": 1415, "watershed_annuals.parquet": 7, "watershed_daily.parquet": 1415}, "OR-202": {"watershed_cumulatives.parquet": 39, "hillslope_annuals.parquet": 1090, "watershed_daily_by_burn_class.parquet": 31086, "watershed_annuals.parquet": 39, "watershed_daily.parquet": 13398}}
